lcd.c:19:6:lcd_write_byte	16	static
lcd.c:40:6:lcd_write_word	24	static
lcd.c:58:6:lcd_write_command	16	static
lcd.c:68:6:delay_ms	24	static
lcd.c:81:6:lcd_init	8	static
lcd.c:158:6:lcd_set_cursor	16	static
lcd.c:177:6:lcd_draw_dot	16	static
lcd.c:194:6:lcd_draw_bigdot	24	static
lcd.c:216:6:lcd_clear_screen	32	static
lcd.c:252:6:lcd_display_char	32	static
lcd.c:306:17:_pow	24	static
lcd.c:324:6:lcd_display_num	48	static
lcd.c:358:6:lcd_display_string	40	static
lcd.c:392:6:lcd_draw_line	56	static
lcd.c:428:6:lcd_draw_circle	40	static
lcd.c:460:6:lcd_fill_rect	32	static
lcd.c:485:6:lcd_draw_v_line	32	static
lcd.c:507:6:lcd_draw_h_line	32	static
lcd.c:530:6:lcd_draw_rect	24	static
lcd.c:553:6:lcd_clear_Rect	32	static
