lcd.c:19:6:lcd_write_byte	16	static
lcd.c:38:6:lcd_write_word	24	static
lcd.c:56:6:lcd_write_command	16	static
lcd.c:66:6:delay_ms	24	static
lcd.c:78:6:lcd_init	8	static
lcd.c:155:6:lcd_set_cursor	16	static
lcd.c:174:6:lcd_draw_dot	16	static
lcd.c:191:6:lcd_draw_bigdot	24	static
lcd.c:213:6:lcd_clear_screen	32	static
lcd.c:249:6:lcd_display_char	32	static
lcd.c:303:17:_pow	24	static
lcd.c:321:6:lcd_display_num	48	static
lcd.c:355:6:lcd_display_string	40	static
lcd.c:389:6:lcd_draw_line	56	static
lcd.c:425:6:lcd_draw_circle	40	static
lcd.c:457:6:lcd_fill_rect	32	static
lcd.c:482:6:lcd_draw_v_line	32	static
lcd.c:504:6:lcd_draw_h_line	32	static
lcd.c:527:6:lcd_draw_rect	24	static
lcd.c:550:6:lcd_clear_Rect	32	static
