main.c:112:5:main	112	static
main.c:495:6:SystemClock_Config	88	static
main.c:535:13:MX_ADC1_Init	24	static
main.c:585:13:MX_CAN1_Init	8	static
main.c:622:13:MX_CAN2_Init	8	static
main.c:659:13:MX_SPI1_Init	8	static
main.c:697:13:MX_TIM2_Init	32	static
main.c:742:13:MX_GPIO_Init	40	static
main.c:772:6:HAL_TIM_PeriodElapsedCallback	16	static
main.c:777:6:HAL_ADC_ConvCpltCallback	16	static
main.c:781:6:HAL_CAN_RxFifo0MsgPendingCallback	16	static
main.c:799:6:Error_Handler	4	static,ignoring_inline_asm
