main.c:130:6:rq_sv22	8	static
main.c:139:6:do_sv22	8	static
main.c:155:6:do_sv2E	32	static
main.c:166:6:do_sv27	8	static
main.c:199:5:main	40	static
main.c:386:6:SystemClock_Config	88	static
main.c:426:13:MX_ADC1_Init	24	static
main.c:476:13:MX_CAN1_Init	48	static
main.c:527:13:MX_CAN2_Init	48	static
main.c:578:13:MX_SPI1_Init	8	static
main.c:616:13:MX_TIM2_Init	32	static
main.c:661:13:MX_GPIO_Init	40	static
main.c:708:6:HAL_TIM_PeriodElapsedCallback	16	static
main.c:713:6:HAL_CAN_RxFifo0MsgPendingCallback	24	static
main.c:762:6:Error_Handler	4	static,ignoring_inline_asm
